[
    {
        "title": "Test ABC publisher",
        "description": "",
        "identifier": "abrokenfilefile",
        "license": "https://creativecommons.org/licenses/by/4.0/",
        "license_name": "Creative Commons Attribution 4.0 International (CC BY 4.0)",
        "issued": "2018-06-21",
        "modified": "2022-04-27T08:05:23.000+0000",
        "publisher": {
            "name": "ABC Trust",
            "website": "http://example.com/",
            "logo": "https://example.com/Logo_RGB.jpg",
            "prefix": "360G-TEST",
            "last_published": "2022-09-05",
            "org_id": "GB-CHC-000000"
        },
        "distribution": [
            {
                "downloadURL": "http://localhost:8888/stuff.json",
                "accessURL": "",
                "title": "Test 404 json"
            }
        ],
        "datagetter_metadata": {
            "datetime_downloaded": "2025-02-27T14:41:15+00:00",
            "downloads": false,
            "error": "Invalid JSON file provided by webserver"
        }
    },
    {
        "title": "Test ABC publisher 2",
        "description": "",
        "identifier": "aninvalidfile",
        "license": "https://creativecommons.org/licenses/by/4.0/",
        "license_name": "Creative Commons Attribution 4.0 International (CC BY 4.0)",
        "issued": "2018-06-21",
        "modified": "2022-04-27T08:05:23.000+0000",
        "publisher": {
            "name": "ABC Trust",
            "website": "http://example.com/",
            "logo": "https://example.com/Logo_RGB.jpg",
            "prefix": "360G-TEST1",
            "last_published": "2022-09-05",
            "org_id": "GB-CHC-000000"
        },
        "distribution": [
            {
                "downloadURL": "http://localhost:8888/invalid_file.xlsx",
                "accessURL": "",
                "title": "Test invalid file"
            }
        ],
        "datagetter_metadata": {
            "datetime_downloaded": "2025-02-27T14:41:15+00:00",
            "downloads": true,
            "file_type": "xlsx",
            "file_size": 31295,
            "json": null,
            "acceptable_license": true,
            "valid": false,
            "error": "File does not conform to the 360Giving standard"
        }
    },
    {
        "title": "Test ABC publisher 3",
        "description": "",
        "identifier": "conversionerrorsfile",
        "license": "https://creativecommons.org/licenses/by/4.0/",
        "license_name": "Creative Commons Attribution 4.0 International (CC BY 4.0)",
        "issued": "2018-06-21",
        "modified": "2022-04-27T08:05:23.000+0000",
        "publisher": {
            "name": "ABC Trust",
            "website": "http://example.com/",
            "logo": "https://example.com/Logo_RGB.jpg",
            "prefix": "360G-TEST2",
            "last_published": "2022-09-05",
            "org_id": "GB-CHC-000000"
        },
        "distribution": [
            {
                "downloadURL": "http://localhost:8888/conversion_errors.xlsx",
                "accessURL": "",
                "title": "Conversion errors file"
            }
        ],
        "datagetter_metadata": {
            "datetime_downloaded": "2025-02-27T14:41:16+00:00",
            "downloads": true,
            "file_type": "xlsx",
            "file_size": 7462,
            "json": "conversionerrorsfile.json",
            "acceptable_license": true,
            "valid": true
        }
    },
    {
        "title": "Test ABC publisher 4",
        "description": "",
        "identifier": "validfile",
        "license": "https://creativecommons.org/licenses/by/4.0/",
        "license_name": "Creative Commons Attribution 4.0 International (CC BY 4.0)",
        "issued": "2018-06-21",
        "modified": "2022-04-27T08:05:23.000+0000",
        "publisher": {
            "name": "ABC Trust",
            "website": "http://example.com/",
            "logo": "https://example.com/Logo_RGB.jpg",
            "prefix": "360G-TEST3",
            "last_published": "2022-09-05",
            "org_id": "GB-CHC-000000"
        },
        "distribution": [
            {
                "downloadURL": "http://localhost:8888/valid.xlsx",
                "accessURL": "",
                "title": "valid file"
            }
        ],
        "datagetter_metadata": {
            "datetime_downloaded": "2025-02-27T14:41:16+00:00",
            "downloads": true,
            "file_type": "xlsx",
            "file_size": 23705,
            "json": "validfile.json",
            "acceptable_license": true,
            "valid": true
        }
    }
]
